// Jest Snapshot v1, https://goo.gl/fbAQLP

exports[`renders correctly 1`] = `
<div
  className="DashboardPage-root-1"
>
  <div
    className="DashboardPage-title-2"
  >
    <h1
      style={
        Object {
          "display": "inline",
        }
      }
    >
      Android
      <small
        className="DashboardPage-subtitle-3"
      >
        Release criteria
      </small>
    </h1>
    <div
      style={
        Object {
          "float": "right",
          "padding": "0 1rem 0 0",
        }
      }
    >
      <a
        href="/"
        title="Home"
      >
        <svg
          aria-hidden="true"
          className="MuiSvgIcon-root-4"
          focusable="false"
          role="presentation"
          style={
            Object {
              "margin": "0 .2rem 0 .2rem",
              "verticalAlign": "baseline",
            }
          }
          viewBox="0 0 24 24"
        >
          <path
            d="M10 20v-6h4v6h5v-8h3L12 3 2 12h3v8z"
          />
          <path
            d="M0 0h24v24H0z"
            fill="none"
          />
        </svg>
      </a>
      <a
        href="/android"
        title="Android Performance"
      >
        <svg
          aria-hidden="true"
          className="MuiSvgIcon-root-4"
          focusable="false"
          role="presentation"
          style={
            Object {
              "margin": "0 .2rem 0 .2rem",
              "verticalAlign": "baseline",
            }
          }
          viewBox="0 0 24 24"
        >
          <path
            d="M16 1H8C6.34 1 5 2.34 5 4v16c0 1.66 1.34 3 3 3h8c1.66 0 3-1.34 3-3V4c0-1.66-1.34-3-3-3zm-2 20h-4v-1h4v1zm3.25-3H6.75V4h10.5v14z"
          />
          <path
            d="M0 0h24v24H0z"
            fill="none"
          />
        </svg>
      </a>
      <a
        href="/quantum/64"
        title="Quantum 64 Performance"
      >
        <svg
          aria-hidden="true"
          className="MuiSvgIcon-root-4"
          focusable="false"
          role="presentation"
          style={
            Object {
              "margin": "0 .2rem 0 .2rem",
              "verticalAlign": "baseline",
            }
          }
          viewBox="0 0 24 24"
        >
          <path
            d="M0 0h24v24H0z"
            fill="none"
          />
          <path
            d="M21 2H3c-1.1 0-2 .9-2 2v12c0 1.1.9 2 2 2h7v2H8v2h8v-2h-2v-2h7c1.1 0 2-.9 2-2V4c0-1.1-.9-2-2-2zm0 14H3V4h18v12z"
          />
        </svg>
      </a>
      <a
        href="/power"
        title="Power Usage"
      >
        <svg
          aria-hidden="true"
          className="MuiSvgIcon-root-4"
          focusable="false"
          role="presentation"
          style={
            Object {
              "margin": "0 .2rem 0 .2rem",
              "verticalAlign": "baseline",
            }
          }
          viewBox="0 0 24 24"
        >
          <path
            d="M0 0h24v24H0z"
            fill="none"
          />
          <path
            d="M15.67 4H14V2h-4v2H8.33C7.6 4 7 4.6 7 5.33v15.33C7 21.4 7.6 22 8.33 22h7.33c.74 0 1.34-.6 1.34-1.33V5.33C17 4.6 16.4 4 15.67 4zM11 20v-5.5H9L13 7v5.5h2L11 20z"
          />
        </svg>
      </a>
      <a
        href="/playback"
        title="Playback"
      >
        <svg
          aria-hidden="true"
          className="MuiSvgIcon-root-4"
          focusable="false"
          role="presentation"
          style={
            Object {
              "margin": "0 .2rem 0 .2rem",
              "verticalAlign": "baseline",
            }
          }
          viewBox="0 0 24 24"
        >
          <path
            d="M0 0h24v24H0z"
            fill="none"
          />
          <path
            d="M17 10.5V7c0-.55-.45-1-1-1H4c-.55 0-1 .45-1 1v10c0 .55.45 1 1 1h12c.55 0 1-.45 1-1v-3.5l4 4v-11l-4 4z"
          />
        </svg>
      </a>
      <a
        href="https://github.com/mozilla-frontend-infra/firefox-health-dashboard/"
        title="Source Code"
      >
        <svg
          aria-hidden="true"
          className="MuiSvgIcon-root-4"
          focusable="false"
          role="presentation"
          style={
            Object {
              "margin": "0 .2rem 0 .2rem",
              "verticalAlign": "baseline",
            }
          }
          viewBox="0 0 24 24"
        >
          <path
            d="M0 0h24v24H0V0z"
            fill="none"
          />
          <path
            d="M9.4 16.6L4.8 12l4.6-4.6L8 6l-6 6 6 6 1.4-1.4zm5.2 0l4.6-4.6-4.6-4.6L16 6l6 6-6 6-1.4-1.4z"
          />
        </svg>
      </a>
    </div>
  </div>
  <div>
    <div
      className="MuiGrid-container-13 MuiGrid-spacing-xs-24-37"
    >
      <div
        className="MuiGrid-item-14 MuiGrid-grid-xs-6-47"
      >
        <div>
          <div
            className="Section-header-111"
          >
            <h2
              className="Section-title-112"
            >
              <span>
                Bugzilla
              </span>
            </h2>
          </div>
          <div
            className="Section-content-110"
          >
            <div
              className="ChartJsWrapper-chartContainer-114"
            >
              <h2
                className="ChartJsWrapper-title-115"
              >
                <span>
                  Firefox Preview Bugs
                  <a
                    href="https://bugzilla.mozilla.org/buglist.cgi?query_format=advanced&f1=OP&j1=AND&f2=product&o2=equals&v2=GeckoView&f3=OP&j3=OR&f4=resolution&o4=equals&v4=---&f5=resolution&o5=equals&v5=FIXED&f6=CP&f7=status_whiteboard&o7=regexp&v7=.*%5C%5Bgeckoview%3Afenix%3Am.*.*&f8=CP&include_fields=priority%2Ccomponent%2Cassigned_to%2Cbug_status%2Cshort_desc%2Cstatus_whiteboard%2Cchangeddate&order=Bug+Number"
                    rel="noopener noreferrer"
                    target="_blank"
                    title="All GV Firefox Preview MVP bugs"
                  >
                    <div
                      style={
                        Object {
                          "display": "inline-block",
                          "margin": "-1rem 0",
                          "verticalAlign": "middle",
                        }
                      }
                    >
                      <svg
                        aria-hidden="true"
                        className="MuiSvgIcon-root-4"
                        focusable="false"
                        role="presentation"
                        style={
                          Object {
                            "margin": "0 .2rem 0 .2rem",
                            "verticalAlign": "baseline",
                          }
                        }
                        viewBox="0 0 24 24"
                      >
                        <path
                          d="M0 0h24v24H0z"
                          fill="none"
                        />
                        <path
                          d="M6 10c-1.1 0-2 .9-2 2s.9 2 2 2 2-.9 2-2-.9-2-2-2zm12 0c-1.1 0-2 .9-2 2s.9 2 2 2 2-.9 2-2-.9-2-2-2zm-6 0c-1.1 0-2 .9-2 2s.9 2 2 2 2-.9 2-2-.9-2-2-2z"
                        />
                      </svg>
                    </div>
                  </a>
                </span>
              </h2>
              <div
                style={
                  Object {
                    "height": 80,
                    "position": "relative",
                  }
                }
              >
                <div
                  style={
                    Object {
                      "position": "absolute",
                      "right": "50%",
                      "top": "50%",
                    }
                  }
                >
                  <div
                    className="MuiCircularProgress-root-117 MuiCircularProgress-colorPrimary-120 MuiCircularProgress-indeterminate-119"
                    role="progressbar"
                    style={
                      Object {
                        "height": 40,
                        "width": 40,
                      }
                    }
                  >
                    <svg
                      className="MuiCircularProgress-svg-122"
                      viewBox="22 22 44 44"
                    >
                      <circle
                        className="MuiCircularProgress-circle-123 MuiCircularProgress-circleIndeterminate-125"
                        cx={44}
                        cy={44}
                        fill="none"
                        r={20.2}
                        strokeWidth={3.6}
                        style={Object {}}
                      />
                    </svg>
                  </div>
                </div>
              </div>
            </div>
          </div>
        </div>
      </div>
      <div
        className="MuiGrid-item-14 MuiGrid-grid-xs-6-47"
      >
        <div>
          <div
            className="Section-header-111"
          >
            <h2
              className="Section-title-112"
            >
              <span>
                Nimbledroid
                <span
                  className="Section-subtitle-113"
                >
                  Firefox Preview vs Chrome Beta
                </span>
              </span>
            </h2>
          </div>
          <div
            className="Section-content-110"
          >
            <div />
          </div>
        </div>
      </div>
    </div>
  </div>
  <div>
    <div
      className="Section-header-111"
    >
      <h2
        className="Section-title-112"
      >
        <span>
          Raptor (TP6m)
          <span>
             
            <a
              href="/android/tp6m?test=cold-loadtime&platform=geckoview-p2-aarch64"
              title="show details"
            >
              <div
                style={
                  Object {
                    "display": "inline-block",
                    "margin": "-1rem 0",
                    "verticalAlign": "middle",
                  }
                }
              >
                <svg
                  aria-hidden="true"
                  className="MuiSvgIcon-root-4"
                  focusable="false"
                  role="presentation"
                  style={
                    Object {
                      "margin": "0 .2rem 0 .2rem",
                      "verticalAlign": "baseline",
                    }
                  }
                  viewBox="0 0 24 24"
                >
                  <path
                    d="M0 0h24v24H0z"
                    fill="none"
                  />
                  <path
                    d="M6 10c-1.1 0-2 .9-2 2s.9 2 2 2 2-.9 2-2-.9-2-2-2zm12 0c-1.1 0-2 .9-2 2s.9 2 2 2 2-.9 2-2-.9-2-2-2zm-6 0c-1.1 0-2 .9-2 2s.9 2 2 2 2-.9 2-2-.9-2-2-2z"
                  />
                </svg>
              </div>
            </a>
          </span>
        </span>
      </h2>
    </div>
    <div
      className="Section-content-110"
    >
      <div
        style={
          Object {
            "lineHeight": "100%",
            "textAlign": "center",
            "width": "100%",
          }
        }
      >
        <div
          className="MuiCircularProgress-root-117 MuiCircularProgress-colorPrimary-120 MuiCircularProgress-indeterminate-119"
          role="progressbar"
          style={
            Object {
              "height": 40,
              "width": 40,
            }
          }
        >
          <svg
            className="MuiCircularProgress-svg-122"
            viewBox="22 22 44 44"
          >
            <circle
              className="MuiCircularProgress-circle-123 MuiCircularProgress-circleIndeterminate-125"
              cx={44}
              cy={44}
              fill="none"
              r={20.2}
              strokeWidth={3.6}
              style={Object {}}
            />
          </svg>
        </div>
      </div>
    </div>
  </div>
  <div>
    <div
      className="Section-header-111"
    >
      <h2
        className="Section-title-112"
      >
        <span>
          Telemetry
        </span>
      </h2>
    </div>
    <div
      className="Section-content-110"
    >
      <div
        className="MuiGrid-container-13 MuiGrid-spacing-xs-24-37"
      >
        <div
          className="MuiGrid-item-14 MuiGrid-grid-xs-6-47"
        >
          <div>
            <div
              className="ChartJsWrapper-chartContainer-114"
            >
              <h2
                className="ChartJsWrapper-title-115"
              >
                <div>
                  Total content page load time (no 95th)
                   
                  <a
                    href="https://sql.telemetry.mozilla.org/queries/59395"
                    rel="noopener noreferrer"
                    target="_blank"
                    title="go to Redash query"
                  >
                    <div
                      style={
                        Object {
                          "display": "inline-block",
                          "margin": "-1rem 0",
                          "verticalAlign": "middle",
                        }
                      }
                    >
                      <svg
                        aria-hidden="true"
                        className="MuiSvgIcon-root-4"
                        focusable="false"
                        role="presentation"
                        style={
                          Object {
                            "margin": "0 .2rem 0 .2rem",
                            "verticalAlign": "baseline",
                          }
                        }
                        viewBox="0 0 24 24"
                      >
                        <path
                          d="M0 0h24v24H0z"
                          fill="none"
                        />
                        <path
                          d="M19 19H5V5h7V3H5c-1.11 0-2 .9-2 2v14c0 1.1.89 2 2 2h14c1.1 0 2-.9 2-2v-7h-2v7zM14 3v2h3.59l-9.83 9.83 1.41 1.41L19 6.41V10h2V3h-7z"
                        />
                      </svg>
                    </div>
                  </a>
                </div>
              </h2>
              <div
                style={
                  Object {
                    "height": 80,
                    "position": "relative",
                  }
                }
              >
                <div
                  style={
                    Object {
                      "position": "absolute",
                      "right": "50%",
                      "top": "50%",
                    }
                  }
                >
                  <div
                    className="MuiCircularProgress-root-117 MuiCircularProgress-colorPrimary-120 MuiCircularProgress-indeterminate-119"
                    role="progressbar"
                    style={
                      Object {
                        "height": 40,
                        "width": 40,
                      }
                    }
                  >
                    <svg
                      className="MuiCircularProgress-svg-122"
                      viewBox="22 22 44 44"
                    >
                      <circle
                        className="MuiCircularProgress-circle-123 MuiCircularProgress-circleIndeterminate-125"
                        cx={44}
                        cy={44}
                        fill="none"
                        r={20.2}
                        strokeWidth={3.6}
                        style={Object {}}
                      />
                    </svg>
                  </div>
                </div>
              </div>
            </div>
          </div>
        </div>
        <div
          className="MuiGrid-item-14 MuiGrid-grid-xs-6-47"
        >
          <div>
            <div
              className="ChartJsWrapper-chartContainer-114"
            >
              <h2
                className="ChartJsWrapper-title-115"
              >
                <div>
                  Total content page load time
                   
                  <a
                    href="https://sql.telemetry.mozilla.org/queries/59397"
                    rel="noopener noreferrer"
                    target="_blank"
                    title="go to Redash query"
                  >
                    <div
                      style={
                        Object {
                          "display": "inline-block",
                          "margin": "-1rem 0",
                          "verticalAlign": "middle",
                        }
                      }
                    >
                      <svg
                        aria-hidden="true"
                        className="MuiSvgIcon-root-4"
                        focusable="false"
                        role="presentation"
                        style={
                          Object {
                            "margin": "0 .2rem 0 .2rem",
                            "verticalAlign": "baseline",
                          }
                        }
                        viewBox="0 0 24 24"
                      >
                        <path
                          d="M0 0h24v24H0z"
                          fill="none"
                        />
                        <path
                          d="M19 19H5V5h7V3H5c-1.11 0-2 .9-2 2v14c0 1.1.89 2 2 2h14c1.1 0 2-.9 2-2v-7h-2v7zM14 3v2h3.59l-9.83 9.83 1.41 1.41L19 6.41V10h2V3h-7z"
                        />
                      </svg>
                    </div>
                  </a>
                </div>
              </h2>
              <div
                style={
                  Object {
                    "height": 80,
                    "position": "relative",
                  }
                }
              >
                <div
                  style={
                    Object {
                      "position": "absolute",
                      "right": "50%",
                      "top": "50%",
                    }
                  }
                >
                  <div
                    className="MuiCircularProgress-root-117 MuiCircularProgress-colorPrimary-120 MuiCircularProgress-indeterminate-119"
                    role="progressbar"
                    style={
                      Object {
                        "height": 40,
                        "width": 40,
                      }
                    }
                  >
                    <svg
                      className="MuiCircularProgress-svg-122"
                      viewBox="22 22 44 44"
                    >
                      <circle
                        className="MuiCircularProgress-circle-123 MuiCircularProgress-circleIndeterminate-125"
                        cx={44}
                        cy={44}
                        fill="none"
                        r={20.2}
                        strokeWidth={3.6}
                        style={Object {}}
                      />
                    </svg>
                  </div>
                </div>
              </div>
            </div>
          </div>
        </div>
      </div>
    </div>
  </div>
  <div>
    <div
      className="Section-header-111"
    >
      <h2
        className="Section-title-112"
      >
        <span>
          Perfherder
          <span
            className="Section-subtitle-113"
          >
            Lower in the graph is better regardless if it is a score or execution time (read the Y label)
          </span>
        </span>
      </h2>
    </div>
    <div
      className="Section-content-110"
    >
      <div
        className="MuiGrid-container-13 MuiGrid-spacing-xs-24-37"
      >
        <div
          className="MuiGrid-item-14 MuiGrid-grid-xs-6-47"
        >
          <div
            style={
              Object {
                "position": "relative",
              }
            }
          >
            <div
              className="ChartJsWrapper-chartContainer-114"
            >
              <h2
                className="ChartJsWrapper-title-115"
              >
                <div>
                  Speedometer
                </div>
              </h2>
              <div
                style={
                  Object {
                    "height": 80,
                    "position": "relative",
                  }
                }
              >
                <div
                  style={
                    Object {
                      "position": "absolute",
                      "right": "50%",
                      "top": "50%",
                    }
                  }
                >
                  <div
                    className="MuiCircularProgress-root-117 MuiCircularProgress-colorPrimary-120 MuiCircularProgress-indeterminate-119"
                    role="progressbar"
                    style={
                      Object {
                        "height": 40,
                        "width": 40,
                      }
                    }
                  >
                    <svg
                      className="MuiCircularProgress-svg-122"
                      viewBox="22 22 44 44"
                    >
                      <circle
                        className="MuiCircularProgress-circle-123 MuiCircularProgress-circleIndeterminate-125"
                        cx={44}
                        cy={44}
                        fill="none"
                        r={20.2}
                        strokeWidth={3.6}
                        style={Object {}}
                      />
                    </svg>
                  </div>
                </div>
              </div>
            </div>
          </div>
        </div>
        <div
          className="MuiGrid-item-14 MuiGrid-grid-xs-6-47"
        >
          <div
            style={
              Object {
                "position": "relative",
              }
            }
          >
            <div
              className="ChartJsWrapper-chartContainer-114"
            >
              <h2
                className="ChartJsWrapper-title-115"
              >
                <div>
                  <span>
                    Speedometer CPU power usage
                    <a
                      href="/power?browser=geckoview&suite=speedometer"
                      rel="noopener noreferrer"
                      target="_blank"
                      title="Show details"
                    >
                      <div
                        style={
                          Object {
                            "display": "inline-block",
                            "margin": "-1rem 0",
                            "verticalAlign": "middle",
                          }
                        }
                      >
                        <svg
                          aria-hidden="true"
                          className="MuiSvgIcon-root-4"
                          focusable="false"
                          role="presentation"
                          style={
                            Object {
                              "margin": "0 .2rem 0 .2rem",
                              "verticalAlign": "baseline",
                            }
                          }
                          viewBox="0 0 24 24"
                        >
                          <path
                            d="M0 0h24v24H0z"
                            fill="none"
                          />
                          <path
                            d="M6 10c-1.1 0-2 .9-2 2s.9 2 2 2 2-.9 2-2-.9-2-2-2zm12 0c-1.1 0-2 .9-2 2s.9 2 2 2 2-.9 2-2-.9-2-2-2zm-6 0c-1.1 0-2 .9-2 2s.9 2 2 2 2-.9 2-2-.9-2-2-2z"
                          />
                        </svg>
                      </div>
                    </a>
                  </span>
                </div>
              </h2>
              <div
                style={
                  Object {
                    "height": 80,
                    "position": "relative",
                  }
                }
              >
                <div
                  style={
                    Object {
                      "position": "absolute",
                      "right": "50%",
                      "top": "50%",
                    }
                  }
                >
                  <div
                    className="MuiCircularProgress-root-117 MuiCircularProgress-colorPrimary-120 MuiCircularProgress-indeterminate-119"
                    role="progressbar"
                    style={
                      Object {
                        "height": 40,
                        "width": 40,
                      }
                    }
                  >
                    <svg
                      className="MuiCircularProgress-svg-122"
                      viewBox="22 22 44 44"
                    >
                      <circle
                        className="MuiCircularProgress-circle-123 MuiCircularProgress-circleIndeterminate-125"
                        cx={44}
                        cy={44}
                        fill="none"
                        r={20.2}
                        strokeWidth={3.6}
                        style={Object {}}
                      />
                    </svg>
                  </div>
                </div>
              </div>
            </div>
          </div>
        </div>
        <div
          className="MuiGrid-item-14 MuiGrid-grid-xs-6-47"
        >
          <div
            style={
              Object {
                "position": "relative",
              }
            }
          >
            <div
              className="ChartJsWrapper-chartContainer-114"
            >
              <h2
                className="ChartJsWrapper-title-115"
              >
                <div>
                  Unity WebGl
                </div>
              </h2>
              <div
                style={
                  Object {
                    "height": 80,
                    "position": "relative",
                  }
                }
              >
                <div
                  style={
                    Object {
                      "position": "absolute",
                      "right": "50%",
                      "top": "50%",
                    }
                  }
                >
                  <div
                    className="MuiCircularProgress-root-117 MuiCircularProgress-colorPrimary-120 MuiCircularProgress-indeterminate-119"
                    role="progressbar"
                    style={
                      Object {
                        "height": 40,
                        "width": 40,
                      }
                    }
                  >
                    <svg
                      className="MuiCircularProgress-svg-122"
                      viewBox="22 22 44 44"
                    >
                      <circle
                        className="MuiCircularProgress-circle-123 MuiCircularProgress-circleIndeterminate-125"
                        cx={44}
                        cy={44}
                        fill="none"
                        r={20.2}
                        strokeWidth={3.6}
                        style={Object {}}
                      />
                    </svg>
                  </div>
                </div>
              </div>
            </div>
          </div>
        </div>
      </div>
    </div>
  </div>
</div>
`;
